2025-03-24T11:53:48.889+05:30  INFO 9104 --- [storyApp] [main] c.t.storyApp.StoryAppApplication         : Starting StoryAppApplication using Java 23 with PID 9104 (C:\Users\ShobigaChinnasamy\Downloads\storyApp\storyApp\target\classes started by ShobigaChinnasamy in C:\Users\ShobigaChinnasamy\Downloads\storyApp\storyApp)
2025-03-24T11:53:48.898+05:30  INFO 9104 --- [storyApp] [main] c.t.storyApp.StoryAppApplication         : No active profile set, falling back to 1 default profile: "default"
2025-03-24T11:53:50.497+05:30  INFO 9104 --- [storyApp] [main] .s.d.r.c.RepositoryConfigurationDelegate : Bootstrapping Spring Data MongoDB repositories in DEFAULT mode.
2025-03-24T11:53:50.599+05:30  INFO 9104 --- [storyApp] [main] .s.d.r.c.RepositoryConfigurationDelegate : Finished Spring Data repository scanning in 93 ms. Found 9 MongoDB repository interfaces.
2025-03-24T11:53:51.340+05:30  INFO 9104 --- [storyApp] [main] o.s.b.w.embedded.tomcat.TomcatWebServer  : Tomcat initialized with port 8080 (http)
2025-03-24T11:53:51.358+05:30  INFO 9104 --- [storyApp] [main] o.apache.catalina.core.StandardService   : Starting service [Tomcat]
2025-03-24T11:53:51.359+05:30  INFO 9104 --- [storyApp] [main] o.apache.catalina.core.StandardEngine    : Starting Servlet engine: [Apache Tomcat/10.1.36]
2025-03-24T11:53:51.427+05:30  INFO 9104 --- [storyApp] [main] o.a.c.c.C.[Tomcat].[localhost].[/]       : Initializing Spring embedded WebApplicationContext
2025-03-24T11:53:51.427+05:30  INFO 9104 --- [storyApp] [main] w.s.c.ServletWebServerApplicationContext : Root WebApplicationContext: initialization completed in 2456 ms
2025-03-24T11:53:51.701+05:30  INFO 9104 --- [storyApp] [main] org.mongodb.driver.client                : MongoClient with metadata {"driver": {"name": "mongo-java-driver|sync|spring-boot", "version": "5.2.1"}, "os": {"type": "Windows", "name": "Windows 11", "architecture": "amd64", "version": "10.0"}, "platform": "Java/Oracle Corporation/23+37-2369"} created with settings MongoClientSettings{readPreference=primary, writeConcern=WriteConcern{w=null, wTimeout=null ms, journal=null}, retryWrites=true, retryReads=true, readConcern=ReadConcern{level=null}, credential=null, transportSettings=null, commandListeners=[], codecRegistry=ProvidersCodecRegistry{codecProviders=[ValueCodecProvider{}, BsonValueCodecProvider{}, DBRefCodecProvider{}, DBObjectCodecProvider{}, DocumentCodecProvider{}, CollectionCodecProvider{}, IterableCodecProvider{}, MapCodecProvider{}, GeoJsonCodecProvider{}, GridFSFileCodecProvider{}, Jsr310CodecProvider{}, JsonObjectCodecProvider{}, BsonCodecProvider{}, EnumCodecProvider{}, com.mongodb.client.model.mql.ExpressionCodecProvider@157d3a45, com.mongodb.Jep395RecordCodecProvider@750ed637, com.mongodb.KotlinCodecProvider@5190010f]}, loggerSettings=LoggerSettings{maxDocumentLength=1000}, clusterSettings={hosts=[localhost:27017], srvServiceName=mongodb, mode=SINGLE, requiredClusterType=UNKNOWN, requiredReplicaSetName='null', serverSelector='null', clusterListeners='[]', serverSelectionTimeout='30000 ms', localThreshold='15 ms'}, socketSettings=SocketSettings{connectTimeoutMS=10000, readTimeoutMS=0, receiveBufferSize=0, proxySettings=ProxySettings{host=null, port=null, username=null, password=null}}, heartbeatSocketSettings=SocketSettings{connectTimeoutMS=10000, readTimeoutMS=10000, receiveBufferSize=0, proxySettings=ProxySettings{host=null, port=null, username=null, password=null}}, connectionPoolSettings=ConnectionPoolSettings{maxSize=100, minSize=0, maxWaitTimeMS=120000, maxConnectionLifeTimeMS=0, maxConnectionIdleTimeMS=0, maintenanceInitialDelayMS=0, maintenanceFrequencyMS=60000, connectionPoolListeners=[], maxConnecting=2}, serverSettings=ServerSettings{heartbeatFrequencyMS=10000, minHeartbeatFrequencyMS=500, serverMonitoringMode=AUTO, serverListeners='[]', serverMonitorListeners='[]'}, sslSettings=SslSettings{enabled=false, invalidHostNameAllowed=false, context=null}, applicationName='null', compressorList=[], uuidRepresentation=JAVA_LEGACY, serverApi=null, autoEncryptionSettings=null, dnsClient=null, inetAddressResolver=null, contextProvider=null, timeoutMS=null}
2025-03-24T11:53:51.735+05:30  INFO 9104 --- [storyApp] [cluster-ClusterId{value='67e0fa77b400f355eb534f52', description='null'}-localhost:27017] org.mongodb.driver.cluster               : Monitor thread successfully connected to server with description ServerDescription{address=localhost:27017, type=STANDALONE, cryptd=false, state=CONNECTED, ok=true, minWireVersion=0, maxWireVersion=21, maxDocumentSize=16777216, logicalSessionTimeoutMinutes=30, roundTripTimeNanos=27579800, minRoundTripTimeNanos=0}
2025-03-24T11:53:52.429+05:30  INFO 9104 --- [storyApp] [main] eAuthenticationProviderManagerConfigurer : Global AuthenticationManager configured with AuthenticationProvider bean with name authenticationProvider
2025-03-24T11:53:52.430+05:30  WARN 9104 --- [storyApp] [main] r$InitializeUserDetailsManagerConfigurer : Global AuthenticationManager configured with an AuthenticationProvider bean. UserDetailsService beans will not be used by Spring Security for automatically configuring username/password login. Consider removing the AuthenticationProvider bean. Alternatively, consider using the UserDetailsService in a manually instantiated DaoAuthenticationProvider. If the current configuration is intentional, to turn off this warning, increase the logging level of 'org.springframework.security.config.annotation.authentication.configuration.InitializeUserDetailsBeanManagerConfigurer' to ERROR
2025-03-24T11:53:53.065+05:30 DEBUG 9104 --- [storyApp] [main] o.s.s.web.DefaultSecurityFilterChain     : Will secure any request with filters: DisableEncodeUrlFilter, WebAsyncManagerIntegrationFilter, SecurityContextHolderFilter, HeaderWriterFilter, CorsFilter, CorsFilter, LogoutFilter, AuthTokenFilter, RequestCacheAwareFilter, SecurityContextHolderAwareRequestFilter, AnonymousAuthenticationFilter, SessionManagementFilter, ExceptionTranslationFilter, AuthorizationFilter
2025-03-24T11:53:53.344+05:30  INFO 9104 --- [storyApp] [main] o.s.b.w.embedded.tomcat.TomcatWebServer  : Tomcat started on port 8080 (http) with context path '/'
2025-03-24T11:53:53.353+05:30  INFO 9104 --- [storyApp] [main] c.t.storyApp.StoryAppApplication         : Started StoryAppApplication in 5.02 seconds (process running for 9.971)
2025-03-24T11:53:59.891+05:30  INFO 9104 --- [storyApp] [http-nio-8080-exec-1] o.a.c.c.C.[Tomcat].[localhost].[/]       : Initializing Spring DispatcherServlet 'dispatcherServlet'
2025-03-24T11:53:59.892+05:30  INFO 9104 --- [storyApp] [http-nio-8080-exec-1] o.s.web.servlet.DispatcherServlet        : Initializing Servlet 'dispatcherServlet'
2025-03-24T11:53:59.893+05:30  INFO 9104 --- [storyApp] [http-nio-8080-exec-1] o.s.web.servlet.DispatcherServlet        : Completed initialization in 1 ms
2025-03-24T11:53:59.909+05:30 DEBUG 9104 --- [storyApp] [http-nio-8080-exec-1] o.s.security.web.FilterChainProxy        : Securing OPTIONS /api/auth/signin
2025-03-24T11:53:59.937+05:30 DEBUG 9104 --- [storyApp] [http-nio-8080-exec-2] o.s.security.web.FilterChainProxy        : Securing POST /api/auth/signin
2025-03-24T11:54:00.003+05:30 ERROR 9104 --- [storyApp] [http-nio-8080-exec-2] c.t.storyApp.security.jwt.JwtUtils       : JWT token is expired: JWT expired at 2025-03-21T11:47:43Z. Current time: 2025-03-24T06:24:00Z, a difference of 239777001 milliseconds.  Allowed clock skew: 0 milliseconds.
2025-03-24T11:54:00.008+05:30 DEBUG 9104 --- [storyApp] [http-nio-8080-exec-2] o.s.s.w.a.AnonymousAuthenticationFilter  : Set SecurityContextHolder to anonymous SecurityContext
2025-03-24T11:54:00.011+05:30 DEBUG 9104 --- [storyApp] [http-nio-8080-exec-2] o.s.security.web.FilterChainProxy        : Secured POST /api/auth/signin
2025-03-24T11:54:00.408+05:30 DEBUG 9104 --- [storyApp] [http-nio-8080-exec-2] o.s.s.a.dao.DaoAuthenticationProvider    : Authenticated user
2025-03-24T11:54:00.450+05:30 DEBUG 9104 --- [storyApp] [http-nio-8080-exec-3] o.s.security.web.FilterChainProxy        : Securing OPTIONS /api/user/67bc1f171de1d60fba86634f
2025-03-24T11:54:00.455+05:30 DEBUG 9104 --- [storyApp] [http-nio-8080-exec-4] o.s.security.web.FilterChainProxy        : Securing GET /api/user/67bc1f171de1d60fba86634f
2025-03-24T11:54:00.469+05:30 DEBUG 9104 --- [storyApp] [http-nio-8080-exec-4] o.s.security.web.FilterChainProxy        : Secured GET /api/user/67bc1f171de1d60fba86634f
2025-03-24T11:54:00.480+05:30 DEBUG 9104 --- [storyApp] [http-nio-8080-exec-4] horizationManagerBeforeMethodInterceptor : Authorizing method invocation ReflectiveMethodInvocation: public org.springframework.http.ResponseEntity com.trustrace.storyApp.controller.UserController.getUserById(java.lang.String); target is of class [com.trustrace.storyApp.controller.UserController]
2025-03-24T11:54:00.531+05:30 DEBUG 9104 --- [storyApp] [http-nio-8080-exec-4] horizationManagerBeforeMethodInterceptor : Authorized method invocation ReflectiveMethodInvocation: public org.springframework.http.ResponseEntity com.trustrace.storyApp.controller.UserController.getUserById(java.lang.String); target is of class [com.trustrace.storyApp.controller.UserController]
2025-03-24T11:54:00.531+05:30  INFO 9104 --- [storyApp] [http-nio-8080-exec-4] c.t.storyApp.controller.UserController   : Fetching user details with ID: 67bc1f171de1d60fba86634f
2025-03-24T11:54:02.283+05:30 DEBUG 9104 --- [storyApp] [http-nio-8080-exec-5] o.s.security.web.FilterChainProxy        : Securing OPTIONS /api/admin/subscription/amount
2025-03-24T11:54:02.287+05:30 DEBUG 9104 --- [storyApp] [http-nio-8080-exec-6] o.s.security.web.FilterChainProxy        : Securing OPTIONS /api/admin/stats/total-reads?month=3&year=2025
2025-03-24T11:54:02.288+05:30 DEBUG 9104 --- [storyApp] [http-nio-8080-exec-7] o.s.security.web.FilterChainProxy        : Securing OPTIONS /api/admin/stats/reads/paid-reads?month=3&year=2025
2025-03-24T11:54:02.288+05:30 DEBUG 9104 --- [storyApp] [http-nio-8080-exec-10] o.s.security.web.FilterChainProxy        : Securing OPTIONS /api/admin/stats/writers-earnings?month=3&year=2025
2025-03-24T11:54:02.289+05:30 DEBUG 9104 --- [storyApp] [http-nio-8080-exec-9] o.s.security.web.FilterChainProxy        : Securing OPTIONS /api/admin/stats/total-revenue?month=3&year=2025
2025-03-24T11:54:02.290+05:30 DEBUG 9104 --- [storyApp] [http-nio-8080-exec-8] o.s.security.web.FilterChainProxy        : Securing OPTIONS /api/admin/stats/reads/unpaid-reads?month=3&year=2025
2025-03-24T11:54:02.291+05:30 DEBUG 9104 --- [storyApp] [http-nio-8080-exec-1] o.s.security.web.FilterChainProxy        : Securing OPTIONS /api/reads/totalReadsPerAuthor?month=3&year=2025
2025-03-24T11:54:02.294+05:30 DEBUG 9104 --- [storyApp] [http-nio-8080-exec-2] o.s.security.web.FilterChainProxy        : Securing GET /api/admin/subscription/amount
2025-03-24T11:54:02.297+05:30 DEBUG 9104 --- [storyApp] [http-nio-8080-exec-3] o.s.security.web.FilterChainProxy        : Securing GET /api/admin/stats/total-reads?month=3&year=2025
2025-03-24T11:54:02.298+05:30 DEBUG 9104 --- [storyApp] [http-nio-8080-exec-4] o.s.security.web.FilterChainProxy        : Securing GET /api/admin/stats/writers-earnings?month=3&year=2025
2025-03-24T11:54:02.299+05:30 DEBUG 9104 --- [storyApp] [http-nio-8080-exec-5] o.s.security.web.FilterChainProxy        : Securing GET /api/admin/stats/reads/paid-reads?month=3&year=2025
2025-03-24T11:54:02.300+05:30 DEBUG 9104 --- [storyApp] [http-nio-8080-exec-10] o.s.security.web.FilterChainProxy        : Securing GET /api/admin/stats/total-revenue?month=3&year=2025
2025-03-24T11:54:02.302+05:30 DEBUG 9104 --- [storyApp] [http-nio-8080-exec-7] o.s.security.web.FilterChainProxy        : Securing GET /api/admin/stats/reads/unpaid-reads?month=3&year=2025
2025-03-24T11:54:02.316+05:30 DEBUG 9104 --- [storyApp] [http-nio-8080-exec-2] o.s.security.web.FilterChainProxy        : Secured GET /api/admin/subscription/amount
2025-03-24T11:54:02.317+05:30  INFO 9104 --- [storyApp] [http-nio-8080-exec-2] c.t.s.controller.SubscriptionController  : Fetching subscription amount
2025-03-24T11:54:02.325+05:30 DEBUG 9104 --- [storyApp] [http-nio-8080-exec-10] o.s.security.web.FilterChainProxy        : Secured GET /api/admin/stats/total-revenue?month=3&year=2025
2025-03-24T11:54:02.328+05:30 DEBUG 9104 --- [storyApp] [http-nio-8080-exec-7] o.s.security.web.FilterChainProxy        : Secured GET /api/admin/stats/reads/unpaid-reads?month=3&year=2025
2025-03-24T11:54:02.328+05:30 DEBUG 9104 --- [storyApp] [http-nio-8080-exec-5] o.s.security.web.FilterChainProxy        : Secured GET /api/admin/stats/reads/paid-reads?month=3&year=2025
2025-03-24T11:54:02.328+05:30  INFO 9104 --- [storyApp] [http-nio-8080-exec-10] c.t.s.controller.AdminStatsController    : Getting total revenue on month 3 and year 2025
2025-03-24T11:54:02.329+05:30 DEBUG 9104 --- [storyApp] [http-nio-8080-exec-6] o.s.security.web.FilterChainProxy        : Securing GET /api/reads/totalReadsPerAuthor?month=3&year=2025
2025-03-24T11:54:02.330+05:30  INFO 9104 --- [storyApp] [http-nio-8080-exec-5] c.t.s.controller.AdminStatsController    : Getting paid reads by month 3 and year 2025
2025-03-24T11:54:02.330+05:30  INFO 9104 --- [storyApp] [http-nio-8080-exec-7] c.t.s.controller.AdminStatsController    : Getting unpaid reads by month 3 and year 2025
2025-03-24T11:54:02.332+05:30 DEBUG 9104 --- [storyApp] [http-nio-8080-exec-3] o.s.security.web.FilterChainProxy        : Secured GET /api/admin/stats/total-reads?month=3&year=2025
2025-03-24T11:54:02.334+05:30  INFO 9104 --- [storyApp] [http-nio-8080-exec-3] c.t.s.controller.AdminStatsController    : Getting total reads by month 3 and year 2025
2025-03-24T11:54:02.337+05:30 DEBUG 9104 --- [storyApp] [http-nio-8080-exec-4] o.s.security.web.FilterChainProxy        : Secured GET /api/admin/stats/writers-earnings?month=3&year=2025
2025-03-24T11:54:02.339+05:30  INFO 9104 --- [storyApp] [http-nio-8080-exec-4] c.t.s.controller.AdminStatsController    : Getting each writer earnings on month 3 and year 2025
2025-03-24T11:54:02.364+05:30 DEBUG 9104 --- [storyApp] [http-nio-8080-exec-6] o.s.security.web.FilterChainProxy        : Secured GET /api/reads/totalReadsPerAuthor?month=3&year=2025
2025-03-24T11:54:02.417+05:30 DEBUG 9104 --- [storyApp] [http-nio-8080-exec-9] o.s.security.web.FilterChainProxy        : Securing OPTIONS /api/user/67dcf7c6029c127bd9731b73
2025-03-24T11:54:02.418+05:30 DEBUG 9104 --- [storyApp] [http-nio-8080-exec-8] o.s.security.web.FilterChainProxy        : Securing OPTIONS /api/user/67beab2698a96f3ce16509df
2025-03-24T11:54:02.422+05:30 DEBUG 9104 --- [storyApp] [http-nio-8080-exec-9] o.s.security.web.FilterChainProxy        : Securing OPTIONS /api/user/67beb7b36e0b0c2b6ec08066
2025-03-24T11:54:02.417+05:30 DEBUG 9104 --- [storyApp] [http-nio-8080-exec-1] o.s.security.web.FilterChainProxy        : Securing OPTIONS /api/user/67beb4e228ae2425ecafebb2
2025-03-24T11:54:02.419+05:30 DEBUG 9104 --- [storyApp] [http-nio-8080-exec-2] o.s.security.web.FilterChainProxy        : Securing OPTIONS /api/user/67c5840506a9604432b5337b
2025-03-24T11:54:02.430+05:30 DEBUG 9104 --- [storyApp] [http-nio-8080-exec-10] o.s.security.web.FilterChainProxy        : Securing GET /api/user/67beab2698a96f3ce16509df
2025-03-24T11:54:02.430+05:30 DEBUG 9104 --- [storyApp] [http-nio-8080-exec-7] o.s.security.web.FilterChainProxy        : Securing GET /api/user/67dcf7c6029c127bd9731b73
2025-03-24T11:54:02.431+05:30 DEBUG 9104 --- [storyApp] [http-nio-8080-exec-5] o.s.security.web.FilterChainProxy        : Securing GET /api/user/67beb4e228ae2425ecafebb2
2025-03-24T11:54:02.430+05:30 DEBUG 9104 --- [storyApp] [http-nio-8080-exec-3] o.s.security.web.FilterChainProxy        : Securing GET /api/user/67beb7b36e0b0c2b6ec08066
2025-03-24T11:54:02.432+05:30 DEBUG 9104 --- [storyApp] [http-nio-8080-exec-6] o.s.security.web.FilterChainProxy        : Securing GET /api/user/67c5840506a9604432b5337b
2025-03-24T11:54:02.440+05:30 DEBUG 9104 --- [storyApp] [http-nio-8080-exec-10] o.s.security.web.FilterChainProxy        : Secured GET /api/user/67beab2698a96f3ce16509df
2025-03-24T11:54:02.440+05:30 DEBUG 9104 --- [storyApp] [http-nio-8080-exec-5] o.s.security.web.FilterChainProxy        : Secured GET /api/user/67beb4e228ae2425ecafebb2
2025-03-24T11:54:02.441+05:30 DEBUG 9104 --- [storyApp] [http-nio-8080-exec-3] o.s.security.web.FilterChainProxy        : Secured GET /api/user/67beb7b36e0b0c2b6ec08066
2025-03-24T11:54:02.441+05:30 DEBUG 9104 --- [storyApp] [http-nio-8080-exec-10] horizationManagerBeforeMethodInterceptor : Authorizing method invocation ReflectiveMethodInvocation: public org.springframework.http.ResponseEntity com.trustrace.storyApp.controller.UserController.getUserById(java.lang.String); target is of class [com.trustrace.storyApp.controller.UserController]
2025-03-24T11:54:02.442+05:30 DEBUG 9104 --- [storyApp] [http-nio-8080-exec-5] horizationManagerBeforeMethodInterceptor : Authorizing method invocation ReflectiveMethodInvocation: public org.springframework.http.ResponseEntity com.trustrace.storyApp.controller.UserController.getUserById(java.lang.String); target is of class [com.trustrace.storyApp.controller.UserController]
2025-03-24T11:54:02.442+05:30 DEBUG 9104 --- [storyApp] [http-nio-8080-exec-10] horizationManagerBeforeMethodInterceptor : Authorized method invocation ReflectiveMethodInvocation: public org.springframework.http.ResponseEntity com.trustrace.storyApp.controller.UserController.getUserById(java.lang.String); target is of class [com.trustrace.storyApp.controller.UserController]
2025-03-24T11:54:02.442+05:30 DEBUG 9104 --- [storyApp] [http-nio-8080-exec-3] horizationManagerBeforeMethodInterceptor : Authorizing method invocation ReflectiveMethodInvocation: public org.springframework.http.ResponseEntity com.trustrace.storyApp.controller.UserController.getUserById(java.lang.String); target is of class [com.trustrace.storyApp.controller.UserController]
2025-03-24T11:54:02.442+05:30  INFO 9104 --- [storyApp] [http-nio-8080-exec-10] c.t.storyApp.controller.UserController   : Fetching user details with ID: 67beab2698a96f3ce16509df
2025-03-24T11:54:02.442+05:30 DEBUG 9104 --- [storyApp] [http-nio-8080-exec-5] horizationManagerBeforeMethodInterceptor : Authorized method invocation ReflectiveMethodInvocation: public org.springframework.http.ResponseEntity com.trustrace.storyApp.controller.UserController.getUserById(java.lang.String); target is of class [com.trustrace.storyApp.controller.UserController]
2025-03-24T11:54:02.442+05:30 DEBUG 9104 --- [storyApp] [http-nio-8080-exec-3] horizationManagerBeforeMethodInterceptor : Authorized method invocation ReflectiveMethodInvocation: public org.springframework.http.ResponseEntity com.trustrace.storyApp.controller.UserController.getUserById(java.lang.String); target is of class [com.trustrace.storyApp.controller.UserController]
2025-03-24T11:54:02.442+05:30  INFO 9104 --- [storyApp] [http-nio-8080-exec-5] c.t.storyApp.controller.UserController   : Fetching user details with ID: 67beb4e228ae2425ecafebb2
2025-03-24T11:54:02.442+05:30  INFO 9104 --- [storyApp] [http-nio-8080-exec-3] c.t.storyApp.controller.UserController   : Fetching user details with ID: 67beb7b36e0b0c2b6ec08066
2025-03-24T11:54:02.446+05:30 DEBUG 9104 --- [storyApp] [http-nio-8080-exec-7] o.s.security.web.FilterChainProxy        : Secured GET /api/user/67dcf7c6029c127bd9731b73
2025-03-24T11:54:02.448+05:30 DEBUG 9104 --- [storyApp] [http-nio-8080-exec-7] horizationManagerBeforeMethodInterceptor : Authorizing method invocation ReflectiveMethodInvocation: public org.springframework.http.ResponseEntity com.trustrace.storyApp.controller.UserController.getUserById(java.lang.String); target is of class [com.trustrace.storyApp.controller.UserController]
2025-03-24T11:54:02.449+05:30 DEBUG 9104 --- [storyApp] [http-nio-8080-exec-7] horizationManagerBeforeMethodInterceptor : Authorized method invocation ReflectiveMethodInvocation: public org.springframework.http.ResponseEntity com.trustrace.storyApp.controller.UserController.getUserById(java.lang.String); target is of class [com.trustrace.storyApp.controller.UserController]
2025-03-24T11:54:02.449+05:30  INFO 9104 --- [storyApp] [http-nio-8080-exec-7] c.t.storyApp.controller.UserController   : Fetching user details with ID: 67dcf7c6029c127bd9731b73
2025-03-24T11:54:02.463+05:30 DEBUG 9104 --- [storyApp] [http-nio-8080-exec-6] o.s.security.web.FilterChainProxy        : Secured GET /api/user/67c5840506a9604432b5337b
2025-03-24T11:54:02.466+05:30 DEBUG 9104 --- [storyApp] [http-nio-8080-exec-6] horizationManagerBeforeMethodInterceptor : Authorizing method invocation ReflectiveMethodInvocation: public org.springframework.http.ResponseEntity com.trustrace.storyApp.controller.UserController.getUserById(java.lang.String); target is of class [com.trustrace.storyApp.controller.UserController]
2025-03-24T11:54:02.467+05:30 DEBUG 9104 --- [storyApp] [http-nio-8080-exec-6] horizationManagerBeforeMethodInterceptor : Authorized method invocation ReflectiveMethodInvocation: public org.springframework.http.ResponseEntity com.trustrace.storyApp.controller.UserController.getUserById(java.lang.String); target is of class [com.trustrace.storyApp.controller.UserController]
2025-03-24T11:54:02.467+05:30  INFO 9104 --- [storyApp] [http-nio-8080-exec-6] c.t.storyApp.controller.UserController   : Fetching user details with ID: 67c5840506a9604432b5337b
2025-03-24T11:54:02.538+05:30 DEBUG 9104 --- [storyApp] [http-nio-8080-exec-1] o.s.security.web.FilterChainProxy        : Securing GET /api/user/67beb7b36e0b0c2b6ec08066
2025-03-24T11:54:02.539+05:30 DEBUG 9104 --- [storyApp] [http-nio-8080-exec-8] o.s.security.web.FilterChainProxy        : Securing GET /api/user/67c5840506a9604432b5337b
2025-03-24T11:54:02.539+05:30 DEBUG 9104 --- [storyApp] [http-nio-8080-exec-2] o.s.security.web.FilterChainProxy        : Securing GET /api/user/67beb4e228ae2425ecafebb2
2025-03-24T11:54:02.539+05:30 DEBUG 9104 --- [storyApp] [http-nio-8080-exec-9] o.s.security.web.FilterChainProxy        : Securing GET /api/user/67beab2698a96f3ce16509df
2025-03-24T11:54:02.543+05:30 DEBUG 9104 --- [storyApp] [http-nio-8080-exec-5] o.s.security.web.FilterChainProxy        : Securing GET /api/user/67dcf7c6029c127bd9731b73
2025-03-24T11:54:02.555+05:30 DEBUG 9104 --- [storyApp] [http-nio-8080-exec-2] o.s.security.web.FilterChainProxy        : Secured GET /api/user/67beb4e228ae2425ecafebb2
2025-03-24T11:54:02.556+05:30 DEBUG 9104 --- [storyApp] [http-nio-8080-exec-2] horizationManagerBeforeMethodInterceptor : Authorizing method invocation ReflectiveMethodInvocation: public org.springframework.http.ResponseEntity com.trustrace.storyApp.controller.UserController.getUserById(java.lang.String); target is of class [com.trustrace.storyApp.controller.UserController]
2025-03-24T11:54:02.557+05:30 DEBUG 9104 --- [storyApp] [http-nio-8080-exec-1] o.s.security.web.FilterChainProxy        : Secured GET /api/user/67beb7b36e0b0c2b6ec08066
2025-03-24T11:54:02.557+05:30 DEBUG 9104 --- [storyApp] [http-nio-8080-exec-2] horizationManagerBeforeMethodInterceptor : Authorized method invocation ReflectiveMethodInvocation: public org.springframework.http.ResponseEntity com.trustrace.storyApp.controller.UserController.getUserById(java.lang.String); target is of class [com.trustrace.storyApp.controller.UserController]
2025-03-24T11:54:02.557+05:30  INFO 9104 --- [storyApp] [http-nio-8080-exec-2] c.t.storyApp.controller.UserController   : Fetching user details with ID: 67beb4e228ae2425ecafebb2
2025-03-24T11:54:02.558+05:30 DEBUG 9104 --- [storyApp] [http-nio-8080-exec-1] horizationManagerBeforeMethodInterceptor : Authorizing method invocation ReflectiveMethodInvocation: public org.springframework.http.ResponseEntity com.trustrace.storyApp.controller.UserController.getUserById(java.lang.String); target is of class [com.trustrace.storyApp.controller.UserController]
2025-03-24T11:54:02.558+05:30 DEBUG 9104 --- [storyApp] [http-nio-8080-exec-1] horizationManagerBeforeMethodInterceptor : Authorized method invocation ReflectiveMethodInvocation: public org.springframework.http.ResponseEntity com.trustrace.storyApp.controller.UserController.getUserById(java.lang.String); target is of class [com.trustrace.storyApp.controller.UserController]
2025-03-24T11:54:02.558+05:30  INFO 9104 --- [storyApp] [http-nio-8080-exec-1] c.t.storyApp.controller.UserController   : Fetching user details with ID: 67beb7b36e0b0c2b6ec08066
2025-03-24T11:54:02.562+05:30 DEBUG 9104 --- [storyApp] [http-nio-8080-exec-9] o.s.security.web.FilterChainProxy        : Secured GET /api/user/67beab2698a96f3ce16509df
2025-03-24T11:54:02.563+05:30 DEBUG 9104 --- [storyApp] [http-nio-8080-exec-9] horizationManagerBeforeMethodInterceptor : Authorizing method invocation ReflectiveMethodInvocation: public org.springframework.http.ResponseEntity com.trustrace.storyApp.controller.UserController.getUserById(java.lang.String); target is of class [com.trustrace.storyApp.controller.UserController]
2025-03-24T11:54:02.563+05:30 DEBUG 9104 --- [storyApp] [http-nio-8080-exec-5] o.s.security.web.FilterChainProxy        : Secured GET /api/user/67dcf7c6029c127bd9731b73
2025-03-24T11:54:02.564+05:30 DEBUG 9104 --- [storyApp] [http-nio-8080-exec-9] horizationManagerBeforeMethodInterceptor : Authorized method invocation ReflectiveMethodInvocation: public org.springframework.http.ResponseEntity com.trustrace.storyApp.controller.UserController.getUserById(java.lang.String); target is of class [com.trustrace.storyApp.controller.UserController]
2025-03-24T11:54:02.564+05:30  INFO 9104 --- [storyApp] [http-nio-8080-exec-9] c.t.storyApp.controller.UserController   : Fetching user details with ID: 67beab2698a96f3ce16509df
2025-03-24T11:54:02.564+05:30 DEBUG 9104 --- [storyApp] [http-nio-8080-exec-5] horizationManagerBeforeMethodInterceptor : Authorizing method invocation ReflectiveMethodInvocation: public org.springframework.http.ResponseEntity com.trustrace.storyApp.controller.UserController.getUserById(java.lang.String); target is of class [com.trustrace.storyApp.controller.UserController]
2025-03-24T11:54:02.564+05:30 DEBUG 9104 --- [storyApp] [http-nio-8080-exec-5] horizationManagerBeforeMethodInterceptor : Authorized method invocation ReflectiveMethodInvocation: public org.springframework.http.ResponseEntity com.trustrace.storyApp.controller.UserController.getUserById(java.lang.String); target is of class [com.trustrace.storyApp.controller.UserController]
2025-03-24T11:54:02.564+05:30  INFO 9104 --- [storyApp] [http-nio-8080-exec-5] c.t.storyApp.controller.UserController   : Fetching user details with ID: 67dcf7c6029c127bd9731b73
2025-03-24T11:54:02.565+05:30 DEBUG 9104 --- [storyApp] [http-nio-8080-exec-8] o.s.security.web.FilterChainProxy        : Secured GET /api/user/67c5840506a9604432b5337b
2025-03-24T11:54:02.567+05:30 DEBUG 9104 --- [storyApp] [http-nio-8080-exec-8] horizationManagerBeforeMethodInterceptor : Authorizing method invocation ReflectiveMethodInvocation: public org.springframework.http.ResponseEntity com.trustrace.storyApp.controller.UserController.getUserById(java.lang.String); target is of class [com.trustrace.storyApp.controller.UserController]
2025-03-24T11:54:02.567+05:30 DEBUG 9104 --- [storyApp] [http-nio-8080-exec-8] horizationManagerBeforeMethodInterceptor : Authorized method invocation ReflectiveMethodInvocation: public org.springframework.http.ResponseEntity com.trustrace.storyApp.controller.UserController.getUserById(java.lang.String); target is of class [com.trustrace.storyApp.controller.UserController]
2025-03-24T11:54:02.567+05:30  INFO 9104 --- [storyApp] [http-nio-8080-exec-8] c.t.storyApp.controller.UserController   : Fetching user details with ID: 67c5840506a9604432b5337b
